###############################################################################
#
# IAR ELF Linker V9.60.3.422/W64 for ARM                  25/Jul/2025  15:25:19
# Copyright 2007-2024 IAR Systems AB.
#
#    Output file  =
#        D:\Documents\nuedc\TSP-main(encoder_test)\TSP3519\iar\Debug\Exe\empty_mspm0g3519_nortos_iar.out
#    Map file     =
#        D:\Documents\nuedc\TSP-main(encoder_test)\TSP3519\iar\Debug\List\empty_mspm0g3519_nortos_iar.map
#    Command line =
#        -f
#        "D:\Documents\nuedc\TSP-main(encoder_test)\TSP3519\iar\Debug\Exe\empty_mspm0g3519_nortos_iar.out.rsp"
#        ("D:\Documents\nuedc\TSP-main(encoder_test)\TSP3519\iar\Debug\Obj\iar_102420246905159791.dir\startup_mspm0g351x_iar.o"
#        "D:\Documents\nuedc\TSP-main(encoder_test)\TSP3519\iar\Debug\Obj\SysConfig
#        Generated Files_5435349133262493662.dir\ti_msp_dl_config.o"
#        "D:\Documents\nuedc\TSP-main(encoder_test)\TSP3519\iar\Debug\Obj\empty_mspm0g3519_13168490636323535303.dir\TSP3519.o"
#        "D:\Documents\nuedc\TSP-main(encoder_test)\TSP3519\iar\Debug\Obj\TSP3519_9401757970942732151.dir\tsp_adc.o"
#        "D:\Documents\nuedc\TSP-main(encoder_test)\TSP3519\iar\Debug\Obj\TSP3519_9401757970942732151.dir\TSP_CCD.o"
#        "D:\Documents\nuedc\TSP-main(encoder_test)\TSP3519\iar\Debug\Obj\TSP3519_9401757970942732151.dir\tsp_gpio.o"
#        "D:\Documents\nuedc\TSP-main(encoder_test)\TSP3519\iar\Debug\Obj\TSP3519_9401757970942732151.dir\tsp_i2c.o"
#        "D:\Documents\nuedc\TSP-main(encoder_test)\TSP3519\iar\Debug\Obj\NUEDU2025_11847588325976546582.dir\tsp_isr.o"
#        "D:\Documents\nuedc\TSP-main(encoder_test)\TSP3519\iar\Debug\Obj\NUEDU2025_11847588325976546582.dir\tsp_motor.o"
#        "D:\Documents\nuedc\TSP-main(encoder_test)\TSP3519\iar\Debug\Obj\TSP3519_9401757970942732151.dir\TSP_MPU6050.o"
#        "D:\Documents\nuedc\TSP-main(encoder_test)\TSP3519\iar\Debug\Obj\TSP3519_9401757970942732151.dir\tsp_pwm.o"
#        "D:\Documents\nuedc\TSP-main(encoder_test)\TSP3519\iar\Debug\Obj\TSP3519_9401757970942732151.dir\tsp_qei.o"
#        "D:\Documents\nuedc\TSP-main(encoder_test)\TSP3519\iar\Debug\Obj\NUEDU2025_11847588325976546582.dir\tsp_servo.o"
#        "D:\Documents\nuedc\TSP-main(encoder_test)\TSP3519\iar\Debug\Obj\TSP3519_9401757970942732151.dir\TSP_TFT18.o"
#        "D:\Documents\nuedc\TSP-main(encoder_test)\TSP3519\iar\Debug\Obj\TSP3519_9401757970942732151.dir\tsp_uart.o"
#        --redirect _Printf=_PrintfFullNoMb --redirect _Scanf=_ScanfFullNoMb
#        --no_out_extension -o
#        "D:\Documents\nuedc\TSP-main(encoder_test)\TSP3519\iar\Debug\Exe\empty_mspm0g3519_nortos_iar.out"
#        --map
#        "D:\Documents\nuedc\TSP-main(encoder_test)\TSP3519\iar\Debug\List\empty_mspm0g3519_nortos_iar.map"
#        --config
#        "D:\Documents\nuedc\TSP-main(encoder_test)\TSP3519\iar/mspm0g3519.icf"
#        C:\ti\mspm0_sdk_2_05_01_00/source/ti/driverlib/lib/iar/m0p/mspm0gx51x/driverlib.a
#        --silent --semihosting --entry __iar_program_start --vfe --text_out
#        locale --cpu=Cortex-M0+ --fpu=None) --dependencies=n
#        "D:\Documents\nuedc\TSP-main(encoder_test)\TSP3519\iar\Debug\Exe\empty_mspm0g3519_nortos_iar.out.iar_deps"
#
###############################################################################

*******************************************************************************
*** RUNTIME MODEL ATTRIBUTES
***

CppFlavor       = *
__CPP_Runtime   = 1
__SystemLibrary = DLib
__dlib_version  = 6


*******************************************************************************
*** HEAP SELECTION
***

The basic heap was selected because no calls to memory allocation
functions were found in the application outside of system library
functions, there are calls to deallocation functions in the
application, and the application appears to be primarily
optimized for speed.


*******************************************************************************
*** PLACEMENT SUMMARY
***

"A0":  place at address 0x0 { ro section .intvec };
define block ALIGNED_ROM with end alignment = 8 { ro };
"P1":  place in [from 0x0 to 0x7'ffff] { block ALIGNED_ROM };
define block CSTACK with size = 512, alignment = 8 { };
define block PROC_STACK with size = 0, alignment = 8 { };
define block TRIM_TABLE with alignment = 8 { rw code section .TrimTable };
define block HEAP with size = 1K, alignment = 8 { };
"P2":  place in [from 0x2020'0000 to 0x2020'ffff] {
          rw, block CSTACK, block PROC_STACK, block TRIM_TABLE, block HEAP };
initialize by copy { rw };

No sections matched the following patterns:

  rw code section .TrimTable  in block TRIM_TABLE
  section BCRCONFIG           in "P3"
  section BSLCONFIG           in "P4"
  section DataBank            in "P5"


  Section              Kind         Address  Alignment    Size  Object
  -------              ----         -------  ---------    ----  ------
"A0":                                                     0xc0
  .intvec              const            0x0          4    0xc0  startup_mspm0g351x_iar.o [5]
                                     - 0xc0               0xc0

"P1":                                                   0x1f40
  ALIGNED_ROM                          0xc0             0x1f40  <Block>
    .rodata            const           0xc0          4    0x28  ti_msp_dl_config.o [2]
    .rodata            const           0xe8          4    0x48  ti_msp_dl_config.o [2]
    .rodata            const          0x130          4   0x5f0  TSP_TFT18.o [3]
    .text              ro code        0x720          4   0x42c  ti_msp_dl_config.o [2]
    .text              ro code        0xb4c          4    0x50  ti_msp_dl_config.o [2]
    .text              ro code        0xb9c          4    0xc4  ti_msp_dl_config.o [2]
    .text              ro code        0xc60          4   0x21c  ti_msp_dl_config.o [2]
    .text              ro code        0xe7c          4    0x40  ti_msp_dl_config.o [2]
    .text              ro code        0xebc          4    0x88  ti_msp_dl_config.o [2]
    .text              ro code        0xf44          4    0xcc  ti_msp_dl_config.o [2]
    .text              ro code       0x1010          4    0x4c  ti_msp_dl_config.o [2]
    .text              ro code       0x105c          4    0x4c  ti_msp_dl_config.o [2]
    .text              ro code       0x10a8          4    0x50  ti_msp_dl_config.o [2]
    .text              ro code       0x10f8          4    0x44  ti_msp_dl_config.o [2]
    .text              ro code       0x113c          4    0x3c  ti_msp_dl_config.o [2]
    .text              ro code       0x1178          4    0x9c  ti_msp_dl_config.o [2]
    .text              ro code       0x1214          4    0x10  ti_msp_dl_config.o [2]
    .text              ro code       0x1224          4     0xa  dl_common.o [7]
    .text              ro code       0x122e          2     0x2  startup_mspm0g351x_iar.o [5]
    .text              ro code       0x1230          4   0x184  dl_sysctl_mspm0gx51x.o [7]
    .text              ro code       0x13b4          4   0x17c  dl_timer.o [7]
    .text              ro code       0x1530          4    0x2a  dl_i2c.o [7]
    .text              ro code       0x155c          4    0x60  dl_uart.o [7]
    .text              ro code       0x15bc          4    0x84  dl_spi.o [7]
    .text              ro code       0x1640          4    0x4c  dl_adc12.o [7]
    .text              ro code       0x168c          4    0x58  dl_factoryregion.o [7]
    .text              ro code       0x16e4          4    0x7c  TSP3519.o [4]
    .text              ro code       0x1760          4   0x3b0  TSP_TFT18.o [3]
    .text              ro code       0x1b10          4    0x7c  tsp_pwm.o [3]
    .text              ro code       0x1b8c          4    0x1e  tsp_motor.o [1]
    .text              ro code       0x1bac          4   0x1c8  tsp_isr.o [1]
    .text              ro code       0x1d74          2    0xe0  I32DivModFast.o [9]
    .text              ro code       0x1e54          4    0x7c  tsp_qei.o [3]
    .text              ro code       0x1ed0          4     0x2  IntDivZer.o [9]
    .text              ro code       0x1ed4          4    0x1c  cstartup_M.o [9]
    .text              ro code       0x1ef0          4    0x1e  cmain.o [9]
    .text              ro code       0x1f0e          2     0x4  low_level_init.o [6]
    .text              ro code       0x1f14          4    0x28  data_init.o [9]
    .text              ro code       0x1f3c          2     0x8  exit.o [6]
    .text              ro code       0x1f44          4     0xa  cexit.o [9]
    .text              ro code       0x1f50          4    0x14  exit.o [10]
    Initializer bytes  const         0x1f64          4     0x4  <for P2-1>
    .text              ro code       0x1f68          2     0x8  startup_mspm0g351x_iar.o [5]
    .text              ro code       0x1f70          2    0x3c  zero_init3.o [9]
    .text              ro code       0x1fac          2    0x30  copy_init3.o [9]
    .iar.init_table    const         0x1fdc          4    0x24  - Linker created -
    .rodata            const         0x2000                0x0  zero_init3.o [9]
    .rodata            const         0x2000                0x0  copy_init3.o [9]
                                   - 0x2000             0x1f40

"P2", part 1 of 3:                                         0x4
  P2-1                          0x2020'0000          4     0x4  <Init block>
    .data              inited   0x2020'0000          4     0x4  dl_factoryregion.o [7]
                              - 0x2020'0004                0x4

"P2", part 2 of 3:                                       0x304
  .bss                 zero     0x2020'0004          4   0x224  ti_msp_dl_config.o [2]
  .bss                 zero     0x2020'0228          4    0x80  TSP3519.o [4]
  .TrimTable           zero     0x2020'02a8          4    0x44  dl_factoryregion.o [7]
  .bss                 zero     0x2020'02ec          4     0xc  tsp_qei.o [3]
  .bss                 zero     0x2020'02f8          4     0x8  tsp_isr.o [1]
  .bss                 zero     0x2020'0300          4     0x4  TSP3519.o [4]
  .bss                 zero     0x2020'0304          2     0x2  TSP3519.o [4]
  .bss                 zero     0x2020'0306                0x1  TSP3519.o [4]
  .bss                 zero     0x2020'0307                0x1  TSP3519.o [4]
                              - 0x2020'0308              0x304

"P2", part 3 of 3:                                       0x200
  CSTACK                        0x2020'0308          8   0x200  <Block>
    CSTACK             uninit   0x2020'0308              0x200  <Block tail>
                              - 0x2020'0508              0x200

Unused ranges:

         From           To      Size
         ----           --      ----
       0x2000     0x7'ffff  0x7'e000
  0x2020'0508  0x2020'ffff    0xfaf8


*******************************************************************************
*** INIT TABLE
***

          Address      Size
          -------      ----
Zero (__iar_zero_init3)
    1 destination range, total size 0x304:
          0x2020'0004  0x304

Copy (__iar_copy_init3)
    1 source range, total size 0x4:
               0x1f64    0x4
    1 destination range, total size 0x4:
          0x2020'0000    0x4



*******************************************************************************
*** MODULE SUMMARY
***

    Module                    ro code  ro data  rw data
    ------                    -------  -------  -------
command line/config:
    ---------------------------------------------------
    Total:

D:\Documents\nuedc\TSP-main(encoder_test)\TSP3519\iar\Debug\Obj\NUEDU2025_11847588325976546582.dir: [1]
    tsp_isr.o                     456                 8
    tsp_motor.o                    30
    ---------------------------------------------------
    Total:                        486                 8

D:\Documents\nuedc\TSP-main(encoder_test)\TSP3519\iar\Debug\Obj\SysConfig Generated Files_5435349133262493662.dir: [2]
    ti_msp_dl_config.o          2'820      112      548
    ---------------------------------------------------
    Total:                      2'820      112      548

D:\Documents\nuedc\TSP-main(encoder_test)\TSP3519\iar\Debug\Obj\TSP3519_9401757970942732151.dir: [3]
    TSP_TFT18.o                   944    1'520
    tsp_pwm.o                     124
    tsp_qei.o                     124                12
    ---------------------------------------------------
    Total:                      1'192    1'520       12

D:\Documents\nuedc\TSP-main(encoder_test)\TSP3519\iar\Debug\Obj\empty_mspm0g3519_13168490636323535303.dir: [4]
    TSP3519.o                     124               136
    ---------------------------------------------------
    Total:                        124               136

D:\Documents\nuedc\TSP-main(encoder_test)\TSP3519\iar\Debug\Obj\iar_102420246905159791.dir: [5]
    startup_mspm0g351x_iar.o       10      192
    ---------------------------------------------------
    Total:                         10      192

dl6M_tlf.a: [6]
    exit.o                          8
    low_level_init.o                4
    ---------------------------------------------------
    Total:                         12

driverlib.a: [7]
    dl_adc12.o                     76
    dl_common.o                    10
    dl_factoryregion.o             88        4       72
    dl_i2c.o                       42
    dl_spi.o                      132
    dl_sysctl_mspm0gx51x.o        388
    dl_timer.o                    380
    dl_uart.o                      96
    ---------------------------------------------------
    Total:                      1'212        4       72

m6M_tl.a: [8]
    ---------------------------------------------------
    Total:

rt6M_tl.a: [9]
    I32DivModFast.o               224
    IntDivZer.o                     2
    cexit.o                        10
    cmain.o                        30
    copy_init3.o                   48
    cstartup_M.o                   28
    data_init.o                    40
    zero_init3.o                   60
    ---------------------------------------------------
    Total:                        442

shb_l.a: [10]
    exit.o                         20
    ---------------------------------------------------
    Total:                         20

    Gaps                           10
    Linker created                          36      512
-------------------------------------------------------
    Grand Total:                6'328    1'864    1'288


*******************************************************************************
*** ENTRY LIST
***

Entry                       Address   Size  Type      Object
-----                       -------   ----  ----      ------
.iar.init_table$$Base        0x1fdc          --   Gb  - Linker created -
.iar.init_table$$Limit       0x2000          --   Gb  - Linker created -
?main                        0x1ef1         Code  Gb  cmain.o [9]
ADC0_IRQHandler              0x122f    0x2  Code  Wk  startup_mspm0g351x_iar.o [5]
ADC1_IRQHandler              0x122f    0x2  Code  Wk  startup_mspm0g351x_iar.o [5]
AESADV_IRQHandler            0x122f    0x2  Code  Wk  startup_mspm0g351x_iar.o [5]
ALIGNED_ROM$$Base              0xc0          --   Gb  - Linker created -
ALIGNED_ROM$$Limit           0x2000          --   Gb  - Linker created -
CANFD0_IRQHandler            0x122f    0x2  Code  Wk  startup_mspm0g351x_iar.o [5]
CANFD1_IRQHandler            0x122f    0x2  Code  Wk  startup_mspm0g351x_iar.o [5]
CSTACK$$Base            0x2020'0308          --   Gb  - Linker created -
CSTACK$$Limit           0x2020'0508          --   Gb  - Linker created -
DAC0_IRQHandler              0x122f    0x2  Code  Wk  startup_mspm0g351x_iar.o [5]
DL_ADC12_configConversionMem
                              0x7f5   0x28  Code  Lc  ti_msp_dl_config.o [2]
DL_ADC12_enableConversions
                              0x7e5   0x10  Code  Lc  ti_msp_dl_config.o [2]
DL_ADC12_enablePower          0x79f    0xa  Code  Lc  ti_msp_dl_config.o [2]
DL_ADC12_initSeqSample        0x7b1   0x34  Code  Lc  ti_msp_dl_config.o [2]
DL_ADC12_reset                0x7a9    0x8  Code  Lc  ti_msp_dl_config.o [2]
DL_ADC12_setClockConfig
                             0x1641   0x3c  Code  Gb  dl_adc12.o [7]
DL_Common_delayCycles        0x1225    0xa  Code  Gb  dl_common.o [7]
DL_Common_updateReg           0x793    0xc  Code  Lc  ti_msp_dl_config.o [2]
DL_Common_updateReg          0x1e55    0xc  Code  Lc  tsp_qei.o [3]
DL_FACTORYREGION_TrimTable
                        0x2020'02a8   0x44  Data  Gb  dl_factoryregion.o [7]
DL_FactoryRegion_initTrimTable
                             0x168d   0x58  Code  Gb  dl_factoryregion.o [7]
DL_GPIO_clearInterruptStatus
                              0x913    0xc  Code  Lc  ti_msp_dl_config.o [2]
DL_GPIO_clearInterruptStatus
                             0x1bc3    0xc  Code  Lc  tsp_isr.o [1]
DL_GPIO_clearPins             0x8db    0x8  Code  Lc  ti_msp_dl_config.o [2]
DL_GPIO_clearPins            0x1767    0x8  Code  Lc  TSP_TFT18.o [3]
DL_GPIO_enableHiZ             0x8f5   0x12  Code  Lc  ti_msp_dl_config.o [2]
DL_GPIO_enableInterrupt
                              0x907    0xc  Code  Lc  ti_msp_dl_config.o [2]
DL_GPIO_enableOutput          0x8e3    0x6  Code  Lc  ti_msp_dl_config.o [2]
DL_GPIO_enablePower           0x85d    0xa  Code  Lc  ti_msp_dl_config.o [2]
DL_GPIO_getEnabledInterruptStatus
                             0x1bb9    0xa  Code  Lc  tsp_isr.o [1]
DL_GPIO_initDigitalInputFeatures
                              0x87b   0x1a  Code  Lc  ti_msp_dl_config.o [2]
DL_GPIO_initDigitalOutput
                              0x86f    0xc  Code  Lc  ti_msp_dl_config.o [2]
DL_GPIO_initPeripheralAnalogFunction
                              0x8cf    0xc  Code  Lc  ti_msp_dl_config.o [2]
DL_GPIO_initPeripheralInputFunction
                              0x8a3    0xe  Code  Lc  ti_msp_dl_config.o [2]
DL_GPIO_initPeripheralInputFunctionFeatures
                              0x8b1   0x1e  Code  Lc  ti_msp_dl_config.o [2]
DL_GPIO_initPeripheralOutputFunction
                              0x895    0xe  Code  Lc  ti_msp_dl_config.o [2]
DL_GPIO_readPins             0x1bad    0xc  Code  Lc  tsp_isr.o [1]
DL_GPIO_reset                 0x867    0x8  Code  Lc  ti_msp_dl_config.o [2]
DL_GPIO_setLowerPinsPolarity
                              0x8e9    0xc  Code  Lc  ti_msp_dl_config.o [2]
DL_GPIO_setPins              0x16e5    0x6  Code  Lc  TSP3519.o [4]
DL_GPIO_setPins              0x1b11    0x6  Code  Lc  tsp_pwm.o [3]
DL_GPIO_setPins              0x1761    0x6  Code  Lc  TSP_TFT18.o [3]
DL_I2C_enableAnalogGlitchFilter
                              0x94b   0x12  Code  Lc  ti_msp_dl_config.o [2]
DL_I2C_enableController
                              0x963    0xe  Code  Lc  ti_msp_dl_config.o [2]
DL_I2C_enableControllerClockStretching
                              0x971    0xe  Code  Lc  ti_msp_dl_config.o [2]
DL_I2C_enablePower            0x927    0xa  Code  Lc  ti_msp_dl_config.o [2]
DL_I2C_reset                  0x931    0x8  Code  Lc  ti_msp_dl_config.o [2]
DL_I2C_resetControllerTransfer
                              0x91f    0x8  Code  Lc  ti_msp_dl_config.o [2]
DL_I2C_setAnalogGlitchFilterPulseWidth
                              0x939   0x12  Code  Lc  ti_msp_dl_config.o [2]
DL_I2C_setClockConfig        0x1531   0x2a  Code  Gb  dl_i2c.o [7]
DL_I2C_setControllerRXFIFOThreshold
                              0x98d   0x10  Code  Lc  ti_msp_dl_config.o [2]
DL_I2C_setControllerTXFIFOThreshold
                              0x97f    0xe  Code  Lc  ti_msp_dl_config.o [2]
DL_I2C_setTimerPeriod         0x95d    0x6  Code  Lc  ti_msp_dl_config.o [2]
DL_Interrupt_getPendingGroup
                             0x1be5   0x12  Code  Lc  tsp_isr.o [1]
DL_SPI_enable                 0x9af    0xe  Code  Lc  ti_msp_dl_config.o [2]
DL_SPI_enablePower            0x99d    0xa  Code  Lc  ti_msp_dl_config.o [2]
DL_SPI_init                  0x15bd   0x44  Code  Gb  dl_spi.o [7]
DL_SPI_receiveDataBlocking8
                             0x1611   0x10  Code  Gb  dl_spi.o [7]
DL_SPI_reset                  0x9a7    0x8  Code  Lc  ti_msp_dl_config.o [2]
DL_SPI_setBitRateSerialClockDivider
                              0x9d1    0xe  Code  Lc  ti_msp_dl_config.o [2]
DL_SPI_setClockConfig        0x1601   0x10  Code  Gb  dl_spi.o [7]
DL_SPI_setFIFOThreshold
                              0x9bd   0x14  Code  Lc  ti_msp_dl_config.o [2]
DL_SPI_transmitDataBlocking8
                             0x1621    0xe  Code  Gb  dl_spi.o [7]
DL_SYSCTL_configSYSPLL       0x1231   0xc2  Code  Gb  dl_sysctl_mspm0gx51x.o [7]
DL_SYSCTL_enableMFCLK         0x83f    0xe  Code  Lc  ti_msp_dl_config.o [2]
DL_SYSCTL_setBORThreshold
                              0x81d    0x6  Code  Lc  ti_msp_dl_config.o [2]
DL_SYSCTL_setFlashWaitState
                              0x84d   0x10  Code  Lc  ti_msp_dl_config.o [2]
DL_SYSCTL_setHFCLKSourceHFXTParams
                             0x1321   0x68  Code  Gb  dl_sysctl_mspm0gx51x.o [7]
DL_SYSCTL_setSYSOSCFreq
                              0x823    0xe  Code  Lc  ti_msp_dl_config.o [2]
DL_SYSCTL_setULPCLKDivider
                              0x831    0xe  Code  Lc  ti_msp_dl_config.o [2]
DL_SYSCTL_switchMCLKfromSYSOSCtoHSCLK
                             0x12f3   0x24  Code  Gb  dl_sysctl_mspm0gx51x.o [7]
DL_Timer_configQEI            0xa35   0x1c  Code  Lc  ti_msp_dl_config.o [2]
DL_Timer_enableClock          0x9fd    0x8  Code  Lc  ti_msp_dl_config.o [2]
DL_Timer_enablePower          0x9df    0xa  Code  Lc  ti_msp_dl_config.o [2]
DL_Timer_getTimerCount       0x1e61    0x8  Code  Lc  tsp_qei.o [3]
DL_Timer_initFourCCPWMMode
                             0x1419   0xf6  Code  Gb  dl_timer.o [7]
DL_Timer_reset                0x9e9    0x8  Code  Lc  ti_msp_dl_config.o [2]
DL_Timer_setCCPDirection
                              0x9f5    0x8  Code  Lc  ti_msp_dl_config.o [2]
DL_Timer_setCaptCompUpdateMethod
                             0x13db   0x1a  Code  Gb  dl_timer.o [7]
DL_Timer_setCaptureCompareOutCtl
                             0x13f5   0x14  Code  Gb  dl_timer.o [7]
DL_Timer_setCaptureCompareValue
                             0x13d1    0xa  Code  Gb  dl_timer.o [7]
DL_Timer_setClockConfig
                             0x13b5   0x16  Code  Gb  dl_timer.o [7]
DL_Timer_setCounterControl
                              0xa0b   0x16  Code  Lc  ti_msp_dl_config.o [2]
DL_Timer_setCounterValueAfterEnable
                             0x1e69   0x10  Code  Lc  tsp_qei.o [3]
DL_Timer_setLoadValue         0xa05    0x6  Code  Lc  ti_msp_dl_config.o [2]
DL_Timer_startCounter         0xa21    0xe  Code  Lc  ti_msp_dl_config.o [2]
DL_UART_enable                0xa79   0x10  Code  Lc  ti_msp_dl_config.o [2]
DL_UART_enableInterrupt
                              0xad9    0xc  Code  Lc  ti_msp_dl_config.o [2]
DL_UART_enablePower           0xa51    0xa  Code  Lc  ti_msp_dl_config.o [2]
DL_UART_init                 0x155d   0x48  Code  Gb  dl_uart.o [7]
DL_UART_isRXFIFOEmpty        0x1bcf    0xe  Code  Lc  tsp_isr.o [1]
DL_UART_receiveData          0x1bdd    0x8  Code  Lc  tsp_isr.o [1]
DL_UART_reset                 0xa65    0x8  Code  Lc  ti_msp_dl_config.o [2]
DL_UART_setBaudRateDivisor
                              0xa9b   0x30  Code  Lc  ti_msp_dl_config.o [2]
DL_UART_setClockConfig       0x15a5   0x10  Code  Gb  dl_uart.o [7]
DL_UART_setOversampling
                              0xa89   0x12  Code  Lc  ti_msp_dl_config.o [2]
DMA_IRQHandler               0x122f    0x2  Code  Wk  startup_mspm0g351x_iar.o [5]
Default_Handler              0x122f    0x2  Code  Lc  startup_mspm0g351x_iar.o [5]
FACTORYVALUE            0x2020'0000    0x4  Data  Gb  dl_factoryregion.o [7]
GROUP0_IRQHandler            0x122f    0x2  Code  Wk  startup_mspm0g351x_iar.o [5]
GROUP1_IRQHandler            0x1c79   0xa0  Code  Gb  tsp_isr.o [1]
HardFault_Handler            0x122f    0x2  Code  Wk  startup_mspm0g351x_iar.o [5]
I2C0_IRQHandler              0x122f    0x2  Code  Wk  startup_mspm0g351x_iar.o [5]
I2C1_IRQHandler              0x122f    0x2  Code  Wk  startup_mspm0g351x_iar.o [5]
I2C2_IRQHandler              0x122f    0x2  Code  Wk  startup_mspm0g351x_iar.o [5]
LFSS_IRQHandler              0x122f    0x2  Code  Wk  startup_mspm0g351x_iar.o [5]
NMI_Handler                  0x122f    0x2  Code  Wk  startup_mspm0g351x_iar.o [5]
PendSV_Handler               0x122f    0x2  Code  Wk  startup_mspm0g351x_iar.o [5]
RES_value               0x2020'0300    0x4  Data  Gb  TSP3519.o [4]
Region$$Table$$Base          0x1fdc          --   Gb  - Linker created -
Region$$Table$$Limit         0x2000          --   Gb  - Linker created -
Reset_Handler                0x1f69    0x8  Code  Wk  startup_mspm0g351x_iar.o [5]
SPI0_IRQHandler              0x122f    0x2  Code  Wk  startup_mspm0g351x_iar.o [5]
SPI1_IRQHandler              0x122f    0x2  Code  Wk  startup_mspm0g351x_iar.o [5]
SPI2_IRQHandler              0x122f    0x2  Code  Wk  startup_mspm0g351x_iar.o [5]
SVC_Handler                  0x122f    0x2  Code  Wk  startup_mspm0g351x_iar.o [5]
SYSCFG_DL_CCD_init           0x1179   0x9c  Code  Wk  ti_msp_dl_config.o [2]
SYSCFG_DL_GPIO_init           0xc61  0x21c  Code  Wk  ti_msp_dl_config.o [2]
SYSCFG_DL_K230_init          0x10f9   0x44  Code  Wk  ti_msp_dl_config.o [2]
SYSCFG_DL_LCD_init           0x113d   0x3c  Code  Wk  ti_msp_dl_config.o [2]
SYSCFG_DL_MPU6050_init       0x10a9   0x50  Code  Wk  ti_msp_dl_config.o [2]
SYSCFG_DL_Motor_init          0xf45   0xcc  Code  Wk  ti_msp_dl_config.o [2]
SYSCFG_DL_QEI_1_init         0x1011   0x4c  Code  Wk  ti_msp_dl_config.o [2]
SYSCFG_DL_QEI_2_init         0x105d   0x4c  Code  Wk  ti_msp_dl_config.o [2]
SYSCFG_DL_SYSCTL_init         0xe7d   0x40  Code  Wk  ti_msp_dl_config.o [2]
SYSCFG_DL_SYSTICK_init       0x1215   0x10  Code  Wk  ti_msp_dl_config.o [2]
SYSCFG_DL_Servo_init          0xebd   0x88  Code  Wk  ti_msp_dl_config.o [2]
SYSCFG_DL_init                0xb4d   0x50  Code  Wk  ti_msp_dl_config.o [2]
SYSCFG_DL_initPower           0xb9d   0xc4  Code  Wk  ti_msp_dl_config.o [2]
SysTick_Config                0x765   0x2e  Code  Lc  ti_msp_dl_config.o [2]
SysTick_Handler              0x1c03   0x2a  Code  Gb  tsp_isr.o [1]
TIMA0_IRQHandler             0x122f    0x2  Code  Wk  startup_mspm0g351x_iar.o [5]
TIMA1_IRQHandler             0x122f    0x2  Code  Wk  startup_mspm0g351x_iar.o [5]
TIMG0_IRQHandler             0x122f    0x2  Code  Wk  startup_mspm0g351x_iar.o [5]
TIMG12_IRQHandler            0x122f    0x2  Code  Wk  startup_mspm0g351x_iar.o [5]
TIMG14_IRQHandler            0x122f    0x2  Code  Wk  startup_mspm0g351x_iar.o [5]
TIMG6_IRQHandler             0x122f    0x2  Code  Wk  startup_mspm0g351x_iar.o [5]
TIMG7_IRQHandler             0x122f    0x2  Code  Wk  startup_mspm0g351x_iar.o [5]
TIMG8_IRQHandler             0x122f    0x2  Code  Wk  startup_mspm0g351x_iar.o [5]
TIMG9_IRQHandler             0x122f    0x2  Code  Wk  startup_mspm0g351x_iar.o [5]
TSP_QEI1_GetCount            0x1e79   0x10  Code  Gb  tsp_qei.o [3]
TSP_QEI1_ResetCount          0x1e99   0x14  Code  Gb  tsp_qei.o [3]
TSP_QEI2_GetCount            0x1e89   0x10  Code  Gb  tsp_qei.o [3]
TSP_QEI2_ResetCount          0x1ead   0x14  Code  Gb  tsp_qei.o [3]
UART0_IRQHandler             0x122f    0x2  Code  Wk  startup_mspm0g351x_iar.o [5]
UART1_IRQHandler             0x122f    0x2  Code  Wk  startup_mspm0g351x_iar.o [5]
UART3_IRQHandler             0x122f    0x2  Code  Wk  startup_mspm0g351x_iar.o [5]
UART4_IRQHandler             0x122f    0x2  Code  Wk  startup_mspm0g351x_iar.o [5]
UART5_IRQHandler             0x122f    0x2  Code  Wk  startup_mspm0g351x_iar.o [5]
UART6_IRQHandler             0x1c2d   0x4a  Code  Gb  tsp_isr.o [1]
UART7_IRQHandler             0x122f    0x2  Code  Wk  startup_mspm0g351x_iar.o [5]
__NVIC_SetPriority            0x721   0x44  Code  Lc  ti_msp_dl_config.o [2]
__aeabi_idiv                 0x1da1         Code  Gb  I32DivModFast.o [9]
__aeabi_idiv0                0x1ed1         Code  Gb  IntDivZer.o [9]
__aeabi_idivmod              0x1da1         Code  Gb  I32DivModFast.o [9]
__aeabi_uidiv                0x1da7         Code  Gb  I32DivModFast.o [9]
__aeabi_uidivmod             0x1da7         Code  Gb  I32DivModFast.o [9]
__cmain                      0x1ef1         Code  Gb  cmain.o [9]
__exit                       0x1f51   0x14  Code  Gb  exit.o [10]
__iar_copy_init3             0x1fad   0x30  Code  Gb  copy_init3.o [9]
__iar_data_init3             0x1f15   0x28  Code  Gb  data_init.o [9]
__iar_program_start          0x1ed5         Code  Gb  cstartup_M.o [9]
__iar_zero_init3             0x1f71   0x3c  Code  Gb  zero_init3.o [9]
__low_level_init             0x1f0f    0x4  Code  Gb  low_level_init.o [6]
__vector_table                  0x0   0xc0  Data  Gb  startup_mspm0g351x_iar.o [5]
_call_main                   0x1efd         Code  Gb  cmain.o [9]
_exit                        0x1f45         Code  Gb  cexit.o [9]
delay                   0x2020'02fc    0x4  Data  Lc  tsp_isr.o [1]
delay_1ms                    0x1bf7    0xc  Code  Gb  tsp_isr.o [1]
exit                         0x1f3d    0x8  Code  Gb  exit.o [6]
flag_20_ms              0x2020'0307    0x1  Data  Gb  TSP3519.o [4]
gCCDClockConfig               0x128    0x8  Data  Lc  ti_msp_dl_config.o [2]
gK230ClockConfig              0x10a    0x2  Data  Lc  ti_msp_dl_config.o [2]
gK230Config                   0x10c    0xc  Data  Lc  ti_msp_dl_config.o [2]
gLCDBackup              0x2020'0200   0x28  Data  Gb  ti_msp_dl_config.o [2]
gLCD_clockConfig              0x124    0x2  Data  Lc  ti_msp_dl_config.o [2]
gLCD_config                   0x118    0xc  Data  Lc  ti_msp_dl_config.o [2]
gMPU6050ClockConfig           0x108    0x2  Data  Lc  ti_msp_dl_config.o [2]
gMotorBackup            0x2020'0004   0xbc  Data  Gb  ti_msp_dl_config.o [2]
gMotorClockConfig              0xf4    0x4  Data  Lc  ti_msp_dl_config.o [2]
gMotorConfig                   0xf8    0x8  Data  Lc  ti_msp_dl_config.o [2]
gQEI_1ClockConfig             0x100    0x4  Data  Lc  ti_msp_dl_config.o [2]
gQEI_2Backup            0x2020'0160   0xa0  Data  Gb  ti_msp_dl_config.o [2]
gQEI_2ClockConfig             0x104    0x4  Data  Lc  ti_msp_dl_config.o [2]
gSYSPLLConfig                  0xc0   0x28  Data  Lc  ti_msp_dl_config.o [2]
gServoBackup            0x2020'00c0   0xa0  Data  Gb  ti_msp_dl_config.o [2]
gServoClockConfig              0xe8    0x4  Data  Lc  ti_msp_dl_config.o [2]
gServoConfig                   0xec    0x8  Data  Lc  ti_msp_dl_config.o [2]
main                         0x16ed   0x50  Code  Gb  TSP3519.o [4]
qei1_direction          0x2020'02ec    0x1  Data  Lc  tsp_qei.o [3]
qei1_last_count         0x2020'02f0    0x4  Data  Lc  tsp_qei.o [3]
qei2_direction          0x2020'02ed    0x1  Data  Lc  tsp_qei.o [3]
qei2_last_count         0x2020'02f4    0x4  Data  Lc  tsp_qei.o [3]
rx_buffer               0x2020'0228   0x80  Data  Gb  TSP3519.o [4]
rx_flag                 0x2020'0306    0x1  Data  Gb  TSP3519.o [4]
rx_idx                  0x2020'0304    0x2  Data  Gb  TSP3519.o [4]
sys_tick_counter        0x2020'02f8    0x4  Data  Gb  tsp_isr.o [1]
tft_ascii                     0x130  0x5f0  Data  Gb  TSP_TFT18.o [3]
tsp_encoder_clear            0x1b9f    0xc  Code  Gb  tsp_motor.o [1]
tsp_encoder_get_value        0x1b8d   0x12  Code  Gb  tsp_motor.o [1]
tsp_motor_voltage            0x1b19   0x4c  Code  Gb  tsp_pwm.o [3]
tsp_spi_write_byte           0x1875   0x14  Code  Lc  TSP_TFT18.o [3]
tsp_tft18_clear              0x190b   0x36  Code  Gb  TSP_TFT18.o [3]
tsp_tft18_init               0x176f  0x106  Code  Gb  TSP_TFT18.o [3]
tsp_tft18_set_region         0x18d5   0x36  Code  Gb  TSP_TFT18.o [3]
tsp_tft18_show_char          0x1941   0x5a  Code  Gb  TSP_TFT18.o [3]
tsp_tft18_show_char_color
                             0x199b   0x72  Code  Gb  TSP_TFT18.o [3]
tsp_tft18_show_str           0x1a29   0x28  Code  Gb  TSP_TFT18.o [3]
tsp_tft18_show_str_color
                             0x1a51   0x40  Code  Gb  TSP_TFT18.o [3]
tsp_tft18_show_uint16        0x1a91   0x7a  Code  Gb  TSP_TFT18.o [3]
tsp_tft18_write_2byte        0x18b5   0x20  Code  Gb  TSP_TFT18.o [3]
tsp_tft18_write_byte         0x189f   0x16  Code  Gb  TSP_TFT18.o [3]
tsp_tft18_write_cmd          0x1889   0x16  Code  Gb  TSP_TFT18.o [3]


[1] = D:\Documents\nuedc\TSP-main(encoder_test)\TSP3519\iar\Debug\Obj\NUEDU2025_11847588325976546582.dir
[2] = D:\Documents\nuedc\TSP-main(encoder_test)\TSP3519\iar\Debug\Obj\SysConfig Generated Files_5435349133262493662.dir
[3] = D:\Documents\nuedc\TSP-main(encoder_test)\TSP3519\iar\Debug\Obj\TSP3519_9401757970942732151.dir
[4] = D:\Documents\nuedc\TSP-main(encoder_test)\TSP3519\iar\Debug\Obj\empty_mspm0g3519_13168490636323535303.dir
[5] = D:\Documents\nuedc\TSP-main(encoder_test)\TSP3519\iar\Debug\Obj\iar_102420246905159791.dir
[6] = dl6M_tlf.a
[7] = driverlib.a
[8] = m6M_tl.a
[9] = rt6M_tl.a
[10] = shb_l.a

  6'328 bytes of readonly  code memory
  1'864 bytes of readonly  data memory
  1'288 bytes of readwrite data memory

Errors: none
Warnings: none
